<html>
<body>
<pre>
<h1>礦ision Build Log</h1>
<h2>Tool Versions:</h2>
IDE-Version: μVision V5.14.0.0
Copyright (C) 2015 ARM Ltd and ARM Germany GmbH. All rights reserved.
License Information: yang yang, qqqqq, LIC=QF82M-X6II9-WFRI7-EP5XW-88HH1-D3FPH
 
Tool Versions:
Toolchain:       MDK-ARM Standard  Version: 5.14.0.0
Toolchain Path:  E:\MDK5\ARM\ARMCC\Bin
C Compiler:      Armcc.exe V5.05 update 1 (build 106)
Assembler:       Armasm.exe V5.05 update 1 (build 106)
Linker/Locator:  ArmLink.exe V5.05 update 1 (build 106)
Library Manager: ArmAr.exe V5.05 update 1 (build 106)
Hex Converter:   FromElf.exe V5.05 update 1 (build 106)
CPU DLL:         SARMCM3.DLL V5.14.0.0
Dialog DLL:      DARMSTM.DLL V1.65.0.0
Target DLL:      STLink\ST-LINKIII-KEIL_SWO.dll V2.0.14.0_KEIL
Dialog DLL:      TARMSTM.DLL V1.64.0.0
 
<h2>Project:</h2>
H:\LearnCH395\CH395Q\14-WEB服务器-网页到底是啥, web服务器是啥, 网页如何显示的显示图片和视频\STM32F10xSPI_2\Progect\Progect.uvprojx
Project File Date:  06/15/2021

<h2>Output:</h2>
Build target 'Target 1'
compiling main.c...
..\User\main.c(179): warning:  #870-D: invalid multibyte character sequence
                                        MakeHttpResponse(http_response_data,http_request.TYPE,sizeof(login_data));
..\User\main.c(184): warning:  #870-D: invalid multibyte character sequence
                                        CH395SendData(sockindex,(unsigned char*)login_data,sizeof(login_data));
..\User\main.c(184): warning:  #870-D: invalid multibyte character sequence
                                        CH395SendData(sockindex,(unsigned char*)login_data,sizeof(login_data));
..\User\main.c: 3 warnings, 0 errors
linking...
Program Size: Code=16528 RO-data=1116 RW-data=2836 ZI-data=6412  
FromELF: creating hex file...
".\output\Progect.axf" - 0 Error(s), 3 Warning(s).

<h2>Collection of Component include folders:</h2>
  H:\LearnCH395\CH395Q\14-WEB服务器-网页到底是啥, web服务器是啥, 网页如何显示的显示图片和视频\STM32F10xSPI_2\Progect\RTE
  E:\MDK5\ARM\PACK\Keil\STM32F1xx_DFP\1.0.5\Device\Include

<h2>Collection of Component Files used:</h2>
</pre>
</body>
</html>
