<html>
<body>
<pre>
<h1>µVision Build Log</h1>
<h2>Project:</h2>
C:\Documents and Settings\owner\×ÀÃæ\395-C51\CH395DEMO_STM32_NEW\EXAM4\CH395.uvproj
Project File Date:  03/24/2015

<h2>Output:</h2>
Rebuild target 'Demo'
creating preprocessor file for CH395.C...
compiling CH395.C...
creating preprocessor file for stm32f10x_it.c...
compiling stm32f10x_it.c...
creating preprocessor file for System_Init.c...
compiling System_Init.c...
assembling STM32F10x.s...
linking...
Program Size: Code=8494 RO-data=374 RW-data=20 ZI-data=5028  
FromELF: creating hex file...
".\CH395.axf" - 0 Errors, 0 Warning(s).
Rebuild target 'Demo'
creating preprocessor file for CH395.C...
compiling CH395.C...
creating preprocessor file for stm32f10x_it.c...
compiling stm32f10x_it.c...
creating preprocessor file for System_Init.c...
compiling System_Init.c...
assembling STM32F10x.s...
linking...
Program Size: Code=8494 RO-data=374 RW-data=20 ZI-data=5028  
FromELF: creating hex file...
".\CH395.axf" - 0 Errors, 0 Warning(s).
Rebuild target 'Demo'
creating preprocessor file for CH395.C...
compiling CH395.C...
creating preprocessor file for stm32f10x_it.c...
compiling stm32f10x_it.c...
creating preprocessor file for System_Init.c...
compiling System_Init.c...
assembling STM32F10x.s...
linking...
Program Size: Code=8494 RO-data=374 RW-data=20 ZI-data=5028  
FromELF: creating hex file...
".\CH395.axf" - 0 Errors, 0 Warning(s).
Rebuild target 'Demo'
creating preprocessor file for CH395.C...
compiling CH395.C...
creating preprocessor file for stm32f10x_it.c...
compiling stm32f10x_it.c...
creating preprocessor file for System_Init.c...
compiling System_Init.c...
assembling STM32F10x.s...
linking...
Program Size: Code=8494 RO-data=374 RW-data=20 ZI-data=5028  
FromELF: creating hex file...
".\CH395.axf" - 0 Errors, 0 Warning(s).
Rebuild target 'Demo'
creating preprocessor file for CH395.C...
compiling CH395.C...
creating preprocessor file for stm32f10x_it.c...
compiling stm32f10x_it.c...
creating preprocessor file for System_Init.c...
compiling System_Init.c...
assembling STM32F10x.s...
linking...
Program Size: Code=8494 RO-data=374 RW-data=20 ZI-data=5028  
FromELF: creating hex file...
".\CH395.axf" - 0 Errors, 0 Warning(s).
Rebuild target 'Demo'
creating preprocessor file for CH395.C...
compiling CH395.C...
creating preprocessor file for stm32f10x_it.c...
compiling stm32f10x_it.c...
creating preprocessor file for System_Init.c...
compiling System_Init.c...
assembling STM32F10x.s...
linking...
Program Size: Code=8494 RO-data=374 RW-data=20 ZI-data=5028  
FromELF: creating hex file...
".\CH395.axf" - 0 Errors, 0 Warning(s).
Rebuild target 'Demo'
creating preprocessor file for CH395.C...
compiling CH395.C...
creating preprocessor file for stm32f10x_it.c...
compiling stm32f10x_it.c...
creating preprocessor file for System_Init.c...
compiling System_Init.c...
assembling STM32F10x.s...
linking...
Program Size: Code=8494 RO-data=374 RW-data=20 ZI-data=5028  
FromELF: creating hex file...
".\CH395.axf" - 0 Errors, 0 Warning(s).
Rebuild target 'Demo'
creating preprocessor file for CH395.C...
compiling CH395.C...
creating preprocessor file for stm32f10x_it.c...
compiling stm32f10x_it.c...
creating preprocessor file for System_Init.c...
compiling System_Init.c...
assembling STM32F10x.s...
linking...
Program Size: Code=8494 RO-data=374 RW-data=20 ZI-data=5028  
FromELF: creating hex file...
".\CH395.axf" - 0 Errors, 0 Warning(s).
Rebuild target 'Demo'
creating preprocessor file for CH395.C...
compiling CH395.C...
creating preprocessor file for stm32f10x_it.c...
compiling stm32f10x_it.c...
creating preprocessor file for System_Init.c...
compiling System_Init.c...
assembling STM32F10x.s...
linking...
Program Size: Code=8494 RO-data=374 RW-data=20 ZI-data=5028  
FromELF: creating hex file...
".\CH395.axf" - 0 Errors, 0 Warning(s).
Rebuild target 'Demo'
creating preprocessor file for CH395.C...
compiling CH395.C...
creating preprocessor file for stm32f10x_it.c...
compiling stm32f10x_it.c...
creating preprocessor file for System_Init.c...
compiling System_Init.c...
assembling STM32F10x.s...
linking...
Program Size: Code=8494 RO-data=374 RW-data=20 ZI-data=5028  
FromELF: creating hex file...
".\CH395.axf" - 0 Errors, 0 Warning(s).
Rebuild target 'Demo'
creating preprocessor file for CH395.C...
compiling CH395.C...
creating preprocessor file for stm32f10x_it.c...
compiling stm32f10x_it.c...
creating preprocessor file for System_Init.c...
compiling System_Init.c...
assembling STM32F10x.s...
linking...
Program Size: Code=8494 RO-data=374 RW-data=20 ZI-data=5028  
FromELF: creating hex file...
".\CH395.axf" - 0 Errors, 0 Warning(s).
Rebuild target 'Demo'
creating preprocessor file for CH395.C...
compiling CH395.C...
creating preprocessor file for stm32f10x_it.c...
compiling stm32f10x_it.c...
creating preprocessor file for System_Init.c...
compiling System_Init.c...
assembling STM32F10x.s...
linking...
Program Size: Code=8494 RO-data=374 RW-data=20 ZI-data=5028  
FromELF: creating hex file...
".\CH395.axf" - 0 Errors, 0 Warning(s).
Rebuild target 'Demo'
creating preprocessor file for CH395.C...
compiling CH395.C...
creating preprocessor file for stm32f10x_it.c...
compiling stm32f10x_it.c...
creating preprocessor file for System_Init.c...
compiling System_Init.c...
assembling STM32F10x.s...
linking...
Program Size: Code=8494 RO-data=374 RW-data=20 ZI-data=5028  
FromELF: creating hex file...
".\CH395.axf" - 0 Errors, 0 Warning(s).
Rebuild target 'Demo'
creating preprocessor file for CH395.C...
compiling CH395.C...
creating preprocessor file for stm32f10x_it.c...
compiling stm32f10x_it.c...
creating preprocessor file for System_Init.c...
compiling System_Init.c...
assembling STM32F10x.s...
linking...
Program Size: Code=8494 RO-data=374 RW-data=20 ZI-data=5028  
FromELF: creating hex file...
".\CH395.axf" - 0 Errors, 0 Warning(s).
Rebuild target 'Demo'
creating preprocessor file for CH395.C...
compiling CH395.C...
creating preprocessor file for stm32f10x_it.c...
compiling stm32f10x_it.c...
creating preprocessor file for System_Init.c...
compiling System_Init.c...
assembling STM32F10x.s...
linking...
Program Size: Code=8494 RO-data=374 RW-data=20 ZI-data=5028  
FromELF: creating hex file...
".\CH395.axf" - 0 Errors, 0 Warning(s).
Rebuild target 'Demo'
creating preprocessor file for CH395.C...
compiling CH395.C...
creating preprocessor file for stm32f10x_it.c...
compiling stm32f10x_it.c...
creating preprocessor file for System_Init.c...
compiling System_Init.c...
assembling STM32F10x.s...
linking...
Program Size: Code=8494 RO-data=374 RW-data=20 ZI-data=5028  
FromELF: creating hex file...
".\CH395.axf" - 0 Errors, 0 Warning(s).
Rebuild target 'Demo'
creating preprocessor file for CH395.C...
compiling CH395.C...
creating preprocessor file for stm32f10x_it.c...
compiling stm32f10x_it.c...
creating preprocessor file for System_Init.c...
compiling System_Init.c...
assembling STM32F10x.s...
linking...
Program Size: Code=8494 RO-data=374 RW-data=20 ZI-data=5028  
FromELF: creating hex file...
".\CH395.axf" - 0 Errors, 0 Warning(s).
Rebuild target 'Demo'
creating preprocessor file for CH395.C...
compiling CH395.C...
creating preprocessor file for stm32f10x_it.c...
compiling stm32f10x_it.c...
creating preprocessor file for System_Init.c...
compiling System_Init.c...
assembling STM32F10x.s...
linking...
Program Size: Code=8494 RO-data=374 RW-data=20 ZI-data=5028  
FromELF: creating hex file...
".\CH395.axf" - 0 Errors, 0 Warning(s).
Rebuild target 'Demo'
creating preprocessor file for CH395.C...
compiling CH395.C...
creating preprocessor file for stm32f10x_it.c...
compiling stm32f10x_it.c...
creating preprocessor file for System_Init.c...
compiling System_Init.c...
assembling STM32F10x.s...
linking...
Program Size: Code=8494 RO-data=374 RW-data=20 ZI-data=5028  
FromELF: creating hex file...
".\CH395.axf" - 0 Errors, 0 Warning(s).
Rebuild target 'Demo'
creating preprocessor file for CH395.C...
compiling CH395.C...
creating preprocessor file for stm32f10x_it.c...
compiling stm32f10x_it.c...
creating preprocessor file for System_Init.c...
compiling System_Init.c...
assembling STM32F10x.s...
linking...
Program Size: Code=8494 RO-data=374 RW-data=20 ZI-data=5028  
FromELF: creating hex file...
".\CH395.axf" - 0 Errors, 0 Warning(s).
creating preprocessor file for CH395.C...
compiling CH395.C...
"CH395.C" - 0 Errors, 0 Warning(s).
creating preprocessor file for CH395.C...
CH395.C(30): error:  #5: cannot open source input file "../PUB/CH395PARA_HW.C": No such file or directory
compiling CH395.C...
CH395.C(30): error:  #5: cannot open source input file "../PUB/CH395PARA_HW.C": No such file or directory
"CH395.C" - 2 Errors, 0 Warning(s).
Rebuild target 'Demo'
creating preprocessor file for CH395.C...
compiling CH395.C...
creating preprocessor file for stm32f10x_it.c...
compiling stm32f10x_it.c...
creating preprocessor file for System_Init.c...
compiling System_Init.c...
assembling STM32F10x.s...
linking...
Program Size: Code=8494 RO-data=374 RW-data=20 ZI-data=5028  
FromELF: creating hex file...
".\CH395.axf" - 0 Errors, 0 Warning(s).
creating preprocessor file for CH395.C...
compiling CH395.C...
"CH395.C" - 0 Errors, 0 Warning(s).
Build target 'Demo'
creating preprocessor file for CH395.C...
compiling CH395.C...
creating preprocessor file for stm32f10x_it.c...
compiling stm32f10x_it.c...
creating preprocessor file for System_Init.c...
compiling System_Init.c...
linking...
Program Size: Code=8494 RO-data=374 RW-data=20 ZI-data=5028  
FromELF: creating hex file...
".\CH395.axf" - 0 Errors, 0 Warning(s).
creating preprocessor file for CH395.C...
CH395.C(30): error:  #5: cannot open source input file "../PUB/CH395PARA_HW.C": No such file or directory
compiling CH395.C...
CH395.C(30): error:  #5: cannot open source input file "../PUB/CH395PARA_HW.C": No such file or directory
"CH395.C" - 2 Errors, 0 Warning(s).
creating preprocessor file for CH395.C...
compiling CH395.C...
"CH395.C" - 0 Errors, 0 Warning(s).
creating preprocessor file for CH395.C...
compiling CH395.C...
"CH395.C" - 0 Errors, 0 Warning(s).
creating preprocessor file for CH395.C...
compiling CH395.C...
CH395.C(301): warning:  #223-D: function "CH395_PORT_INIT" declared implicitly
"CH395.C" - 0 Errors, 1 Warning(s).
Build target 'Demo'
creating preprocessor file for CH395.C...
compiling CH395.C...
creating preprocessor file for stm32f10x_it.c...
compiling stm32f10x_it.c...
creating preprocessor file for System_Init.c...
compiling System_Init.c...
linking...
Program Size: Code=8194 RO-data=374 RW-data=20 ZI-data=5028  
FromELF: creating hex file...
".\CH395.axf" - 0 Errors, 0 Warning(s).
Rebuild target 'Demo'
creating preprocessor file for CH395.C...
compiling CH395.C...
creating preprocessor file for stm32f10x_it.c...
compiling stm32f10x_it.c...
creating preprocessor file for System_Init.c...
compiling System_Init.c...
assembling STM32F10x.s...
linking...
Program Size: Code=8194 RO-data=374 RW-data=20 ZI-data=5028  
FromELF: creating hex file...
".\CH395.axf" - 0 Errors, 0 Warning(s).
Rebuild target 'Demo'
creating preprocessor file for CH395.C...
compiling CH395.C...
creating preprocessor file for stm32f10x_it.c...
compiling stm32f10x_it.c...
creating preprocessor file for System_Init.c...
compiling System_Init.c...
assembling STM32F10x.s...
linking...
Program Size: Code=8194 RO-data=374 RW-data=20 ZI-data=5028  
FromELF: creating hex file...
".\CH395.axf" - 0 Errors, 0 Warning(s).
Rebuild target 'Demo'
creating preprocessor file for CH395.C...
compiling CH395.C...
creating preprocessor file for stm32f10x_it.c...
compiling stm32f10x_it.c...
creating preprocessor file for System_Init.c...
compiling System_Init.c...
assembling STM32F10x.s...
linking...
Program Size: Code=8194 RO-data=374 RW-data=20 ZI-data=5028  
FromELF: creating hex file...
".\CH395.axf" - 0 Errors, 0 Warning(s).
Rebuild target 'Demo'
creating preprocessor file for CH395.C...
compiling CH395.C...
creating preprocessor file for stm32f10x_it.c...
compiling stm32f10x_it.c...
creating preprocessor file for System_Init.c...
compiling System_Init.c...
assembling STM32F10x.s...
linking...
Program Size: Code=8194 RO-data=374 RW-data=20 ZI-data=5028  
FromELF: creating hex file...
".\CH395.axf" - 0 Errors, 0 Warning(s).
Rebuild target 'Demo'
creating preprocessor file for CH395.C...
compiling CH395.C...
creating preprocessor file for stm32f10x_it.c...
compiling stm32f10x_it.c...
creating preprocessor file for System_Init.c...
compiling System_Init.c...
assembling STM32F10x.s...
linking...
Program Size: Code=8194 RO-data=374 RW-data=20 ZI-data=5028  
FromELF: creating hex file...
".\CH395.axf" - 0 Errors, 0 Warning(s).
Rebuild target 'Demo'
creating preprocessor file for CH395.C...
compiling CH395.C...
creating preprocessor file for stm32f10x_it.c...
compiling stm32f10x_it.c...
creating preprocessor file for System_Init.c...
compiling System_Init.c...
assembling STM32F10x.s...
linking...
Program Size: Code=8194 RO-data=374 RW-data=20 ZI-data=5028  
FromELF: creating hex file...
".\CH395.axf" - 0 Errors, 0 Warning(s).
Rebuild target 'Demo'
creating preprocessor file for CH395.C...
compiling CH395.C...
creating preprocessor file for stm32f10x_it.c...
compiling stm32f10x_it.c...
creating preprocessor file for System_Init.c...
compiling System_Init.c...
assembling STM32F10x.s...
linking...
Program Size: Code=8194 RO-data=374 RW-data=20 ZI-data=5028  
FromELF: creating hex file...
".\CH395.axf" - 0 Errors, 0 Warning(s).
Rebuild target 'Demo'
creating preprocessor file for CH395.C...
compiling CH395.C...
creating preprocessor file for stm32f10x_it.c...
compiling stm32f10x_it.c...
creating preprocessor file for System_Init.c...
compiling System_Init.c...
assembling STM32F10x.s...
linking...
Program Size: Code=8194 RO-data=374 RW-data=20 ZI-data=5028  
FromELF: creating hex file...
".\CH395.axf" - 0 Errors, 0 Warning(s).
Rebuild target 'Demo'
creating preprocessor file for CH395.C...
compiling CH395.C...
creating preprocessor file for stm32f10x_it.c...
compiling stm32f10x_it.c...
creating preprocessor file for System_Init.c...
compiling System_Init.c...
assembling STM32F10x.s...
linking...
Program Size: Code=8194 RO-data=374 RW-data=20 ZI-data=5028  
FromELF: creating hex file...
".\CH395.axf" - 0 Errors, 0 Warning(s).
Rebuild target 'Demo'
creating preprocessor file for CH395.C...
compiling CH395.C...
creating preprocessor file for stm32f10x_it.c...
compiling stm32f10x_it.c...
creating preprocessor file for System_Init.c...
compiling System_Init.c...
assembling STM32F10x.s...
linking...
Program Size: Code=8194 RO-data=374 RW-data=20 ZI-data=5028  
FromELF: creating hex file...
".\CH395.axf" - 0 Errors, 0 Warning(s).
Rebuild target 'Demo'
creating preprocessor file for CH395.C...
compiling CH395.C...
creating preprocessor file for stm32f10x_it.c...
compiling stm32f10x_it.c...
creating preprocessor file for System_Init.c...
compiling System_Init.c...
assembling STM32F10x.s...
linking...
Program Size: Code=8194 RO-data=374 RW-data=20 ZI-data=5028  
FromELF: creating hex file...
".\CH395.axf" - 0 Errors, 0 Warning(s).
Rebuild target 'Demo'
creating preprocessor file for CH395.C...
compiling CH395.C...
creating preprocessor file for stm32f10x_it.c...
compiling stm32f10x_it.c...
creating preprocessor file for System_Init.c...
compiling System_Init.c...
assembling STM32F10x.s...
linking...
Program Size: Code=8194 RO-data=374 RW-data=20 ZI-data=5028  
FromELF: creating hex file...
".\CH395.axf" - 0 Errors, 0 Warning(s).
creating preprocessor file for CH395.C...
compiling CH395.C...
"CH395.C" - 0 Errors, 0 Warning(s).
Rebuild target 'Demo'
creating preprocessor file for CH395.C...
compiling CH395.C...
creating preprocessor file for stm32f10x_it.c...
compiling stm32f10x_it.c...
creating preprocessor file for System_Init.c...
compiling System_Init.c...
assembling STM32F10x.s...
linking...
Program Size: Code=8194 RO-data=374 RW-data=20 ZI-data=5028  
FromELF: creating hex file...
".\CH395.axf" - 0 Errors, 0 Warning(s).
Rebuild target 'Demo'
creating preprocessor file for CH395.C...
compiling CH395.C...
creating preprocessor file for stm32f10x_it.c...
compiling stm32f10x_it.c...
creating preprocessor file for System_Init.c...
compiling System_Init.c...
assembling STM32F10x.s...
linking...
Program Size: Code=8194 RO-data=374 RW-data=20 ZI-data=5028  
FromELF: creating hex file...
".\CH395.axf" - 0 Errors, 0 Warning(s).
Rebuild target 'Demo'
creating preprocessor file for CH395.C...
compiling CH395.C...
creating preprocessor file for stm32f10x_it.c...
compiling stm32f10x_it.c...
creating preprocessor file for System_Init.c...
compiling System_Init.c...
assembling STM32F10x.s...
linking...
Program Size: Code=8194 RO-data=374 RW-data=20 ZI-data=5028  
FromELF: creating hex file...
".\CH395.axf" - 0 Errors, 0 Warning(s).
Rebuild target 'Demo'
creating preprocessor file for CH395.C...
compiling CH395.C...
creating preprocessor file for stm32f10x_it.c...
compiling stm32f10x_it.c...
creating preprocessor file for System_Init.c...
compiling System_Init.c...
assembling STM32F10x.s...
linking...
Program Size: Code=8194 RO-data=374 RW-data=20 ZI-data=5028  
FromELF: creating hex file...
".\CH395.axf" - 0 Errors, 0 Warning(s).
creating preprocessor file for CH395.C...
compiling CH395.C...
"CH395.C" - 0 Errors, 0 Warning(s).
creating preprocessor file for CH395.C...
compiling CH395.C...
"CH395.C" - 0 Errors, 0 Warning(s).
creating preprocessor file for CH395.C...
compiling CH395.C...
"CH395.C" - 0 Errors, 0 Warning(s).
creating preprocessor file for CH395.C...
compiling CH395.C...
CH395.C(72): warning:  #177-D: variable "i" was declared but never referenced
"CH395.C" - 0 Errors, 1 Warning(s).
Build target 'Demo'
creating preprocessor file for CH395.C...
compiling CH395.C...
CH395.C(72): warning:  #177-D: variable "i" was declared but never referenced
creating preprocessor file for stm32f10x_it.c...
compiling stm32f10x_it.c...
creating preprocessor file for System_Init.c...
compiling System_Init.c...
linking...
Program Size: Code=4212 RO-data=288 RW-data=8 ZI-data=608  
FromELF: creating hex file...
".\CH395.axf" - 0 Errors, 1 Warning(s).
creating preprocessor file for CH395.C...
compiling CH395.C...
CH395.C(72): warning:  #177-D: variable "i" was declared but never referenced
"CH395.C" - 0 Errors, 1 Warning(s).
creating preprocessor file for CH395.C...
compiling CH395.C...
../PUB/CH395UART.C(35): error:  #20: identifier "UINT8" is undefined
../PUB/CH395UART.C(37): error:  #20: identifier "UINT8" is undefined
../PUB/CH395UART.C(54): error:  #20: identifier "UINT8" is undefined
../PUB/CH395UART.C(56): error:  #20: identifier "UINT8" is undefined
../PUB/CH395UART.C(57): error:  #20: identifier "UINT16" is undefined
../PUB/CH395UART.C(80): error:  #20: identifier "UINT32" is undefined
../PUB/CH395UART.C(120): error:  #20: identifier "UINT8" is undefined
../PUB/CH395UART.C(122): error:  #20: identifier "UINT16" is undefined
../PUB/CH395UART.C(122): error:  #18: expected a ")"
../PUB/CH395UART.C(168): error:  #20: identifier "UINT8" is undefined
../PUB/CH395UART.C(170): error:  #20: identifier "SER_SYNC_CODE1" is undefined
../PUB/CH395UART.C(171): error:  #20: identifier "SER_SYNC_CODE2" is undefined
../PUB/CH395UART.C(183): error:  #20: identifier "UINT8" is undefined
../PUB/CH395UART.C(195): error:  #20: identifier "UINT8" is undefined
../PUB/CH395UART.C(197): error:  #20: identifier "UINT32" is undefined
../PUB/CH395UART.C(205): error:  #20: identifier "UINT8" is undefined
../PUB/CH395UART.C(205): error:  #20: identifier "UINT16" is undefined
../PUB/CH395UART.C(205): error:  #18: expected a ")"
../PUB/CH395UART.C(222): error:  #20: identifier "UINT8" is undefined
CH395.C(47): error:  #20: identifier "UINT8" is undefined
CH395.C(53): error:  #20: identifier "UINT8" is undefined
CH395.C(54): error:  #20: identifier "UINT8" is undefined
CH395.C(55): error:  #20: identifier "UINT8" is undefined
CH395.C(58): error:  #20: identifier "UINT8" is undefined
CH395.C(59): error:  #20: identifier "UINT16" is undefined
error type>(71): error:  #20: identifier "UINT8" is undefined
CH395.C(48): error:  #235: variable "SockInf" was declared with a never-completed type
CH395.C(49): error:  #235: variable "CH395Inf" was declared with a never-completed type
"CH395.C" - 28 Errors, 0 Warning(s).
creating preprocessor file for CH395.C...
compiling CH395.C...
CH395.C(72): warning:  #177-D: variable "i" was declared but never referenced
"CH395.C" - 0 Errors, 1 Warning(s).
Build target 'Demo'
creating preprocessor file for CH395.C...
compiling CH395.C...
CH395.C(72): warning:  #177-D: variable "i" was declared but never referenced
creating preprocessor file for stm32f10x_it.c...
compiling stm32f10x_it.c...
creating preprocessor file for System_Init.c...
compiling System_Init.c...
linking...
Program Size: Code=4212 RO-data=288 RW-data=8 ZI-data=608  
FromELF: creating hex file...
".\CH395.axf" - 0 Errors, 1 Warning(s).
creating preprocessor file for CH395.C...
compiling CH395.C...
CH395.C(54): warning:  #177-D: variable "i" was declared but never referenced
"CH395.C" - 0 Errors, 1 Warning(s).
Build target 'Demo'
creating preprocessor file for CH395.C...
compiling CH395.C...
CH395.C(54): warning:  #177-D: variable "i" was declared but never referenced
creating preprocessor file for stm32f10x_it.c...
compiling stm32f10x_it.c...
creating preprocessor file for System_Init.c...
compiling System_Init.c...
linking...
Program Size: Code=2512 RO-data=288 RW-data=8 ZI-data=608  
FromELF: creating hex file...
".\CH395.axf" - 0 Errors, 1 Warning(s).
Rebuild target 'Demo'
creating preprocessor file for CH395.C...
compiling CH395.C...
CH395.C(54): warning:  #177-D: variable "i" was declared but never referenced
creating preprocessor file for stm32f10x_it.c...
compiling stm32f10x_it.c...
creating preprocessor file for System_Init.c...
compiling System_Init.c...
assembling STM32F10x.s...
linking...
Program Size: Code=2512 RO-data=288 RW-data=8 ZI-data=608  
FromELF: creating hex file...
".\CH395.axf" - 0 Errors, 1 Warning(s).
creating preprocessor file for CH395.C...
compiling CH395.C...
CH395.C(34): warning:  #223-D: function "mDelaymS" declared implicitly
CH395.C(32): warning:  #177-D: variable "i" was declared but never referenced
"CH395.C" - 0 Errors, 2 Warning(s).
Rebuild target 'Demo'
creating preprocessor file for CH395.C...
compiling CH395.C...
CH395.C(34): warning:  #223-D: function "mDelaymS" declared implicitly
CH395.C(32): warning:  #177-D: variable "i" was declared but never referenced
creating preprocessor file for stm32f10x_it.c...
compiling stm32f10x_it.c...
creating preprocessor file for System_Init.c...
compiling System_Init.c...
assembling STM32F10x.s...
linking...
.\CH395.axf: Error: L6218E: Undefined symbol mDelaymS (referred from ch395.o).
".\CH395.axf" - 1 Errors, 2 Warning(s).
Target not created
creating preprocessor file for CH395.C...
compiling CH395.C...
CH395.C(32): warning:  #177-D: variable "i" was declared but never referenced
"CH395.C" - 0 Errors, 1 Warning(s).
Build target 'Demo'
creating preprocessor file for CH395.C...
compiling CH395.C...
CH395.C(32): warning:  #177-D: variable "i" was declared but never referenced
creating preprocessor file for stm32f10x_it.c...
compiling stm32f10x_it.c...
creating preprocessor file for System_Init.c...
compiling System_Init.c...
linking...
Program Size: Code=2172 RO-data=288 RW-data=8 ZI-data=608  
FromELF: creating hex file...
".\CH395.axf" - 0 Errors, 1 Warning(s).
Rebuild target 'Demo'
creating preprocessor file for CH395.C...
compiling CH395.C...
CH395.C(32): warning:  #177-D: variable "i" was declared but never referenced
creating preprocessor file for stm32f10x_it.c...
compiling stm32f10x_it.c...
creating preprocessor file for System_Init.c...
compiling System_Init.c...
assembling STM32F10x.s...
linking...
Program Size: Code=2172 RO-data=288 RW-data=8 ZI-data=608  
FromELF: creating hex file...
".\CH395.axf" - 0 Errors, 1 Warning(s).
creating preprocessor file for CH395.C...
compiling CH395.C...
CH395.C(32): warning:  #177-D: variable "i" was declared but never referenced
"CH395.C" - 0 Errors, 1 Warning(s).
creating preprocessor file for CH395.C...
compiling CH395.C...
CH395.C(30): error:  #20: identifier "UINT8" is undefined
"CH395.C" - 1 Errors, 0 Warning(s).
creating preprocessor file for CH395.C...
compiling CH395.C...
CH395.H(19): error:  #20: identifier "UINT8" is undefined
CH395.H(20): error:  #20: identifier "UINT8" is undefined
CH395.H(21): error:  #20: identifier "UINT8" is undefined
CH395.H(22): error:  #20: identifier "UINT8" is undefined
CH395.H(23): error:  #20: identifier "UINT8" is undefined
CH395.H(24): error:  #20: identifier "UINT8" is undefined
CH395.H(25): error:  #20: identifier "UINT32" is undefined
CH395.H(26): error:  #20: identifier "UINT32" is undefined
CH395.H(27): error:  #20: identifier "UINT8" is undefined
CH395.H(28): error:  #20: identifier "UINT8" is undefined
CH395.H(29): error:  #20: identifier "UINT16" is undefined
CH395.H(34): error:  #20: identifier "UINT8" is undefined
CH395.H(35): error:  #20: identifier "UINT8" is undefined
CH395.H(36): error:  #20: identifier "UINT8" is undefined
CH395.H(37): error:  #20: identifier "UINT8" is undefined
CH395.H(38): error:  #20: identifier "UINT8" is undefined
CH395.H(39): error:  #20: identifier "UINT32" is undefined
CH395.H(40): error:  #20: identifier "UINT16" is undefined
CH395.H(41): error:  #20: identifier "UINT16" is undefined
CH395.H(42): error:  #20: identifier "UINT16" is undefined
CH395.H(43): error:  #20: identifier "UINT16" is undefined
CH395.H(44): error:  #20: identifier "UINT8" is undefined
CH395.C(31): error:  #20: identifier "UINT8" is undefined
"CH395.C" - 23 Errors, 0 Warning(s).
creating preprocessor file for CH395.C...
compiling CH395.C...
CH395.C(34): warning:  #223-D: function "mDelaymS" declared implicitly
CH395.C(32): warning:  #177-D: variable "i" was declared but never referenced
"CH395.C" - 0 Errors, 2 Warning(s).
Build target 'Demo'
creating preprocessor file for CH395.C...
compiling CH395.C...
CH395.C(34): warning:  #223-D: function "mDelaymS" declared implicitly
CH395.C(32): warning:  #177-D: variable "i" was declared but never referenced
creating preprocessor file for stm32f10x_it.c...
compiling stm32f10x_it.c...
creating preprocessor file for System_Init.c...
compiling System_Init.c...
linking...
.\CH395.axf: Error: L6218E: Undefined symbol mDelaymS (referred from ch395.o).
".\CH395.axf" - 1 Errors, 2 Warning(s).
Target not created
creating preprocessor file for CH395.C...
compiling CH395.C...
CH395.C(32): warning:  #177-D: variable "i" was declared but never referenced
"CH395.C" - 0 Errors, 1 Warning(s).
Build target 'Demo'
creating preprocessor file for CH395.C...
compiling CH395.C...
CH395.C(32): warning:  #177-D: variable "i" was declared but never referenced
creating preprocessor file for stm32f10x_it.c...
compiling stm32f10x_it.c...
creating preprocessor file for System_Init.c...
compiling System_Init.c...
linking...
Program Size: Code=2172 RO-data=288 RW-data=8 ZI-data=608  
FromELF: creating hex file...
".\CH395.axf" - 0 Errors, 1 Warning(s).
creating preprocessor file for CH395.C...
compiling CH395.C...
CH395.C(32): warning:  #177-D: variable "i" was declared but never referenced
"CH395.C" - 0 Errors, 1 Warning(s).
creating preprocessor file for CH395.C...
compiling CH395.C...
CH395.H(19): error:  #20: identifier "UINT8" is undefined
CH395.H(20): error:  #20: identifier "UINT8" is undefined
CH395.H(21): error:  #20: identifier "UINT8" is undefined
CH395.H(22): error:  #20: identifier "UINT8" is undefined
CH395.H(23): error:  #20: identifier "UINT8" is undefined
CH395.H(24): error:  #20: identifier "UINT8" is undefined
CH395.H(25): error:  #20: identifier "UINT32" is undefined
CH395.H(26): error:  #20: identifier "UINT32" is undefined
CH395.H(27): error:  #20: identifier "UINT8" is undefined
CH395.H(28): error:  #20: identifier "UINT8" is undefined
CH395.H(29): error:  #20: identifier "UINT16" is undefined
CH395.H(34): error:  #20: identifier "UINT8" is undefined
CH395.H(35): error:  #20: identifier "UINT8" is undefined
CH395.H(36): error:  #20: identifier "UINT8" is undefined
CH395.H(37): error:  #20: identifier "UINT8" is undefined
CH395.H(38): error:  #20: identifier "UINT8" is undefined
CH395.H(39): error:  #20: identifier "UINT32" is undefined
CH395.H(40): error:  #20: identifier "UINT16" is undefined
CH395.H(41): error:  #20: identifier "UINT16" is undefined
CH395.H(42): error:  #20: identifier "UINT16" is undefined
CH395.H(43): error:  #20: identifier "UINT16" is undefined
CH395.H(44): error:  #20: identifier "UINT8" is undefined
CH395.C(32): error:  #20: identifier "UINT8" is undefined
"CH395.C" - 23 Errors, 0 Warning(s).
Rebuild target 'Demo'
creating preprocessor file for CH395.C...
compiling CH395.C...
CH395.C(32): warning:  #177-D: variable "i" was declared but never referenced
creating preprocessor file for stm32f10x_it.c...
compiling stm32f10x_it.c...
creating preprocessor file for System_Init.c...
compiling System_Init.c...
assembling STM32F10x.s...
linking...
Program Size: Code=2172 RO-data=288 RW-data=8 ZI-data=608  
FromELF: creating hex file...
".\CH395.axf" - 0 Errors, 1 Warning(s).
Rebuild target 'Demo'
creating preprocessor file for CH395.C...
compiling CH395.C...
CH395.C(32): warning:  #177-D: variable "i" was declared but never referenced
creating preprocessor file for stm32f10x_it.c...
compiling stm32f10x_it.c...
creating preprocessor file for System_Init.c...
compiling System_Init.c...
assembling STM32F10x.s...
linking...
Program Size: Code=2172 RO-data=288 RW-data=8 ZI-data=608  
FromELF: creating hex file...
".\CH395.axf" - 0 Errors, 1 Warning(s).
creating preprocessor file for CH395.C...
CH395.C: Error:  #5: cannot open source input file "CH395.C": No such file or directory
"CH395.C" - 1 Errors, 0 Warning(s).
creating preprocessor file for CH395.C...
compiling CH395.C...
CH395.C(32): warning:  #177-D: variable "i" was declared but never referenced
"CH395.C" - 0 Errors, 1 Warning(s).
Rebuild target 'Demo'
creating preprocessor file for CH395.C...
compiling CH395.C...
CH395.C(32): warning:  #177-D: variable "i" was declared but never referenced
creating preprocessor file for stm32f10x_it.c...
compiling stm32f10x_it.c...
creating preprocessor file for System_Init.c...
compiling System_Init.c...
assembling STM32F10x.s...
linking...
Program Size: Code=2172 RO-data=288 RW-data=8 ZI-data=608  
FromELF: creating hex file...
".\CH395.axf" - 0 Errors, 1 Warning(s).
Rebuild target 'Demo'
creating preprocessor file for CH395.C...
compiling CH395.C...
CH395.C(32): warning:  #177-D: variable "i" was declared but never referenced
creating preprocessor file for stm32f10x_it.c...
compiling stm32f10x_it.c...
creating preprocessor file for System_Init.c...
compiling System_Init.c...
assembling STM32F10x.s...
linking...
Program Size: Code=2172 RO-data=288 RW-data=8 ZI-data=608  
FromELF: creating hex file...
".\CH395.axf" - 0 Errors, 1 Warning(s).
